
Fetching 2 files:   0%|          | 0/2 [00:00<?, ?it/s]
Fetching 2 files:  50%|█████     | 1/2 [00:20<00:20, 20.47s/it]
Fetching 2 files: 100%|██████████| 2/2 [00:20<00:00, 10.24s/it]

Loading weights:   0%|          | 0/254 [00:00<?, ?it/s]
Loading weights:   0%|          | 1/254 [00:00<00:53,  4.70it/s]
Loading weights:   9%|▊         | 22/254 [00:00<00:02, 85.84it/s]
Loading weights:  16%|█▌        | 40/254 [00:00<00:01, 118.35it/s]
Loading weights:  23%|██▎       | 58/254 [00:00<00:01, 137.51it/s]
Loading weights:  30%|██▉       | 76/254 [00:00<00:01, 149.65it/s]
Loading weights:  37%|███▋      | 94/254 [00:00<00:01, 158.18it/s]
Loading weights:  44%|████▍     | 112/254 [00:00<00:00, 163.63it/s]
Loading weights:  51%|█████     | 130/254 [00:00<00:00, 167.66it/s]
Loading weights:  58%|█████▊    | 148/254 [00:01<00:00, 169.49it/s]
Loading weights:  65%|██████▌   | 166/254 [00:01<00:00, 170.78it/s]
Loading weights:  72%|███████▏  | 184/254 [00:01<00:00, 172.29it/s]
Loading weights:  80%|███████▉  | 202/254 [00:01<00:00, 172.88it/s]
Loading weights:  87%|████████▋ | 220/254 [00:01<00:00, 173.41it/s]
Loading weights:  94%|█████████▎| 238/254 [00:01<00:00, 173.60it/s]
Loading weights: 100%|██████████| 254/254 [00:01<00:00, 155.68it/s]

Generating train split:   0%|          | 0/395000 [00:00<?, ? examples/s]
Generating train split: 100%|██████████| 395000/395000 [00:06<00:00, 63325.00 examples/s]
Generating train split: 100%|██████████| 395000/395000 [00:06<00:00, 63000.94 examples/s]
