╭───────────────────── Traceback (most recent call last) ──────────────────────╮
│ /Users/sehyun/Documents/Projects/vrank-vs-attn/.venv/lib/python3.12/site-pac │
│ kages/colab_cli/commands/execution.py:185 in exec_command                    │
│                                                                              │
│   182 │   │   │   )                                                          │
│   183 │   │   │   state.prune_session(name)                                  │
│   184 │   │   │   raise typer.Exit(1)                                        │
│ ❱ 185 │   │   raise e                                                        │
│   186 │                                                                      │
│   187 │   try:                                                               │
│   188 │   │   is_nb = file and file.endswith(".ipynb")                       │
│                                                                              │
│ /Users/sehyun/Documents/Projects/vrank-vs-attn/.venv/lib/python3.12/site-pac │
│ kages/colab_cli/commands/execution.py:175 in exec_command                    │
│                                                                              │
│   172 │   )                                                                  │
│   173 │   try:                                                               │
│   174 │   │   # Ensure we are in /content which is the standard Colab        │
│       working directory                                                      │
│ ❱ 175 │   │   runtime.execute_code(                                          │
│   176 │   │   │   "import os; os.makedirs('/content', exist_ok=True);        │
│       os.chdir('/content')"                                                  │
│   177 │   │   )                                                              │
│   178 │   except Exception as e:                                             │
│                                                                              │
│ /Users/sehyun/Documents/Projects/vrank-vs-attn/.venv/lib/python3.12/site-pac │
│ kages/colab_cli/runtime.py:227 in execute_code                               │
│                                                                              │
│   224 │   │   │   # execute_interactive returns the raw reply message        │
│   225 │   │   │   reply_content = reply["content"] if reply else {"status":  │
│       "error"}                                                               │
│   226 │   │   else:                                                          │
│ ❱ 227 │   │   │   reply = self.kernel_client.execute(code, **kwargs)         │
│   228 │   │   │   if not reply:                                              │
│   229 │   │   │   │   return []                                              │
│   230 │   │   │   outputs = reply.get("outputs", [])                         │
│                                                                              │
│ /Users/sehyun/Documents/Projects/vrank-vs-attn/.venv/lib/python3.12/site-pac │
│ kages/jupyter_kernel_client/client.py:287 in execute                         │
│                                                                              │
│   284 │   │   """                                                            │
│   285 │   │   outputs = []                                                   │
│   286 │   │   self._set_variables(variables)                                 │
│ ❱ 287 │   │   reply = self._manager.client.execute_interactive(              │
│   288 │   │   │   code,                                                      │
│   289 │   │   │   silent=silent,                                             │
│   290 │   │   │   store_history=store_history,                               │
│                                                                              │
│ /Users/sehyun/Documents/Projects/vrank-vs-attn/.venv/lib/python3.12/site-pac │
│ kages/jupyter_kernel_client/wsclient.py:1088 in execute_interactive          │
│                                                                              │
│   1085 │   │   │   # wait for output and redisplay it                        │
│   1086 │   │   │   while True:                                               │
│   1087 │   │   │   │   if not self.connection_ready.is_set():                │
│ ❱ 1088 │   │   │   │   │   raise RuntimeError("Connection was lost.")        │
│   1089 │   │   │   │                                                         │
│   1090 │   │   │   │   if timeout is not None:                               │
│   1091 │   │   │   │   │   timeout = max(0, deadline - time.monotonic())     │
╰──────────────────────────────────────────────────────────────────────────────╯
RuntimeError: Connection was lost.
