
Fetching 75 files:   0%|          | 0/75 [00:00<?, ?it/s]
Fetching 75 files:   1%|▏         | 1/75 [00:00<00:52,  1.40it/s]
Fetching 75 files:  12%|█▏        | 9/75 [00:01<00:09,  7.21it/s]
Fetching 75 files:  23%|██▎       | 17/75 [00:01<00:05, 10.02it/s]
Fetching 75 files:  25%|██▌       | 19/75 [00:02<00:05, 10.21it/s]
Fetching 75 files:  33%|███▎      | 25/75 [00:02<00:04, 10.45it/s]
Fetching 75 files:  36%|███▌      | 27/75 [00:02<00:04, 10.75it/s]
Fetching 75 files:  43%|████▎     | 32/75 [00:03<00:03, 13.84it/s]
Fetching 75 files:  45%|████▌     | 34/75 [00:03<00:03, 10.66it/s]
Fetching 75 files:  48%|████▊     | 36/75 [00:03<00:03, 10.49it/s]
Fetching 75 files:  52%|█████▏    | 39/75 [00:03<00:02, 12.25it/s]
Fetching 75 files:  55%|█████▍    | 41/75 [00:04<00:03, 10.43it/s]
Fetching 75 files:  57%|█████▋    | 43/75 [00:04<00:03,  9.17it/s]
Fetching 75 files:  63%|██████▎   | 47/75 [00:04<00:02, 12.83it/s]
Fetching 75 files:  65%|██████▌   | 49/75 [00:04<00:02, 10.67it/s]
Fetching 75 files:  68%|██████▊   | 51/75 [00:05<00:02,  9.42it/s]
Fetching 75 files:  73%|███████▎  | 55/75 [00:05<00:01, 12.93it/s]
Fetching 75 files:  76%|███████▌  | 57/75 [00:05<00:01, 10.79it/s]
Fetching 75 files:  79%|███████▊  | 59/75 [00:05<00:01,  9.18it/s]
Fetching 75 files:  83%|████████▎ | 62/75 [00:05<00:01, 12.00it/s]
Fetching 75 files:  87%|████████▋ | 65/75 [00:06<00:00, 13.28it/s]
Fetching 75 files:  89%|████████▉ | 67/75 [00:06<00:00,  8.92it/s]
Fetching 75 files:  96%|█████████▌| 72/75 [00:06<00:00, 13.83it/s]
Fetching 75 files: 100%|██████████| 75/75 [00:07<00:00,  9.18it/s]
Fetching 75 files: 100%|██████████| 75/75 [00:07<00:00, 10.22it/s]
